exports[`test Component should render 1`] = `
<div>
  <div />
</div>
`;
